C:\USERS\LI\DESKTOP\PSM\PSS-MONO\MSVC\WIN32\BIN\MONOPOSIXHELPER.DLL
C:\USERS\LI\DESKTOP\PSM\PSS-MONO\MSVC\WIN32\BIN\MONOPOSIXHELPER.PDB
C:\USERS\LI\DESKTOP\PSM\PSS-MONO\MSVC\WIN32\OBJ\MONOPOSIXHELPER\ADLER32.OBJ
C:\Users\Li\Desktop\PSM\pss-mono\msvc\Win32\obj\monoposixhelper\cl.command.1.tlog
C:\Users\Li\Desktop\PSM\pss-mono\msvc\Win32\obj\monoposixhelper\CL.read.1.tlog
C:\Users\Li\Desktop\PSM\pss-mono\msvc\Win32\obj\monoposixhelper\CL.write.1.tlog
C:\USERS\LI\DESKTOP\PSM\PSS-MONO\MSVC\WIN32\OBJ\MONOPOSIXHELPER\COMPRESS.OBJ
C:\USERS\LI\DESKTOP\PSM\PSS-MONO\MSVC\WIN32\OBJ\MONOPOSIXHELPER\CRC32.OBJ
C:\USERS\LI\DESKTOP\PSM\PSS-MONO\MSVC\WIN32\OBJ\MONOPOSIXHELPER\DEFLATE.OBJ
C:\USERS\LI\DESKTOP\PSM\PSS-MONO\MSVC\WIN32\OBJ\MONOPOSIXHELPER\ERRNO.OBJ
C:\USERS\LI\DESKTOP\PSM\PSS-MONO\MSVC\WIN32\OBJ\MONOPOSIXHELPER\INFBACK.OBJ
C:\USERS\LI\DESKTOP\PSM\PSS-MONO\MSVC\WIN32\OBJ\MONOPOSIXHELPER\INFFAST.OBJ
C:\USERS\LI\DESKTOP\PSM\PSS-MONO\MSVC\WIN32\OBJ\MONOPOSIXHELPER\INFLATE.OBJ
C:\USERS\LI\DESKTOP\PSM\PSS-MONO\MSVC\WIN32\OBJ\MONOPOSIXHELPER\INFTREES.OBJ
C:\Users\Li\Desktop\PSM\pss-mono\msvc\Win32\obj\monoposixhelper\link.command.1.tlog
C:\Users\Li\Desktop\PSM\pss-mono\msvc\Win32\obj\monoposixhelper\link.read.1.tlog
C:\Users\Li\Desktop\PSM\pss-mono\msvc\Win32\obj\monoposixhelper\link.write.1.tlog
C:\USERS\LI\DESKTOP\PSM\PSS-MONO\MSVC\WIN32\OBJ\MONOPOSIXHELPER\MAP.OBJ
C:\USERS\LI\DESKTOP\PSM\PSS-MONO\MSVC\WIN32\OBJ\MONOPOSIXHELPER\MONOPOSIXHELPER.DLL.INTERMEDIATE.MANIFEST
C:\Users\Li\Desktop\PSM\pss-mono\msvc\Win32\obj\monoposixhelper\monoposixhelper.write.1.tlog
C:\Users\Li\Desktop\PSM\pss-mono\msvc\Win32\obj\monoposixhelper\mt.command.1.tlog
C:\Users\Li\Desktop\PSM\pss-mono\msvc\Win32\obj\monoposixhelper\mt.read.1.tlog
C:\Users\Li\Desktop\PSM\pss-mono\msvc\Win32\obj\monoposixhelper\mt.write.1.tlog
C:\USERS\LI\DESKTOP\PSM\PSS-MONO\MSVC\WIN32\OBJ\MONOPOSIXHELPER\SIGNAL.OBJ
C:\USERS\LI\DESKTOP\PSM\PSS-MONO\MSVC\WIN32\OBJ\MONOPOSIXHELPER\STDIO.OBJ
C:\USERS\LI\DESKTOP\PSM\PSS-MONO\MSVC\WIN32\OBJ\MONOPOSIXHELPER\STDLIB.OBJ
C:\USERS\LI\DESKTOP\PSM\PSS-MONO\MSVC\WIN32\OBJ\MONOPOSIXHELPER\STRING.OBJ
C:\USERS\LI\DESKTOP\PSM\PSS-MONO\MSVC\WIN32\OBJ\MONOPOSIXHELPER\TREES.OBJ
C:\USERS\LI\DESKTOP\PSM\PSS-MONO\MSVC\WIN32\OBJ\MONOPOSIXHELPER\UNCOMPR.OBJ
C:\USERS\LI\DESKTOP\PSM\PSS-MONO\MSVC\WIN32\OBJ\MONOPOSIXHELPER\VC100.PDB
C:\USERS\LI\DESKTOP\PSM\PSS-MONO\MSVC\WIN32\OBJ\MONOPOSIXHELPER\ZLIB-HELPER.OBJ
C:\USERS\LI\DESKTOP\PSM\PSS-MONO\MSVC\WIN32\OBJ\MONOPOSIXHELPER\ZUTIL.OBJ
C:\Users\Li\Desktop\PSM\pss-mono\msvc\Win32_Release\lib\MonoPosixHelper.exp
C:\Users\Li\Desktop\PSM\pss-mono\msvc\Win32_Release\lib\MonoPosixHelper.lib
Win32\bin\monoposixhelper.pdb
