d:\psm\pss-mono\msvc2022\win32\obj\monoposixhelper\vc143.pdb
d:\psm\pss-mono\msvc2022\win32\obj\monoposixhelper\zutil.obj
d:\psm\pss-mono\msvc2022\win32\obj\monoposixhelper\zlib-helper.obj
d:\psm\pss-mono\msvc2022\win32\obj\monoposixhelper\uncompr.obj
d:\psm\pss-mono\msvc2022\win32\obj\monoposixhelper\trees.obj
d:\psm\pss-mono\msvc2022\win32\obj\monoposixhelper\string.obj
d:\psm\pss-mono\msvc2022\win32\obj\monoposixhelper\stdlib.obj
d:\psm\pss-mono\msvc2022\win32\obj\monoposixhelper\stdio.obj
d:\psm\pss-mono\msvc2022\win32\obj\monoposixhelper\signal.obj
d:\psm\pss-mono\msvc2022\win32\obj\monoposixhelper\map.obj
d:\psm\pss-mono\msvc2022\win32\obj\monoposixhelper\inftrees.obj
d:\psm\pss-mono\msvc2022\win32\obj\monoposixhelper\inflate.obj
d:\psm\pss-mono\msvc2022\win32\obj\monoposixhelper\inffast.obj
d:\psm\pss-mono\msvc2022\win32\obj\monoposixhelper\infback.obj
d:\psm\pss-mono\msvc2022\win32\obj\monoposixhelper\errno.obj
d:\psm\pss-mono\msvc2022\win32\obj\monoposixhelper\deflate.obj
d:\psm\pss-mono\msvc2022\win32\obj\monoposixhelper\crc32.obj
d:\psm\pss-mono\msvc2022\win32\obj\monoposixhelper\compress.obj
d:\psm\pss-mono\msvc2022\win32\obj\monoposixhelper\adler32.obj
d:\psm\pss-mono\msvc2022\win32\bin\monoposixhelper.dll
d:\psm\pss-mono\msvc2022\win32\obj\monoposixhelper\monoposixhelper.ipdb
d:\psm\pss-mono\msvc2022\win32\obj\monoposixhelper\monoposixhelper.iobj
d:\psm\pss-mono\msvc2022\win32\bin\monoposixhelper.pdb
d:\psm\pss-mono\msvc2022\win32_release\lib\monoposixhelper.lib
d:\psm\pss-mono\msvc2022\win32_release\lib\monoposixhelper.exp
d:\psm\pss-mono\msvc2022\win32\obj\monoposixhelper\monoposixhelper.tlog\cl.command.1.tlog
d:\psm\pss-mono\msvc2022\win32\obj\monoposixhelper\monoposixhelper.tlog\cl.read.1.tlog
d:\psm\pss-mono\msvc2022\win32\obj\monoposixhelper\monoposixhelper.tlog\cl.write.1.tlog
d:\psm\pss-mono\msvc2022\win32\obj\monoposixhelper\monoposixhelper.tlog\link.command.1.tlog
d:\psm\pss-mono\msvc2022\win32\obj\monoposixhelper\monoposixhelper.tlog\link.read.1.tlog
d:\psm\pss-mono\msvc2022\win32\obj\monoposixhelper\monoposixhelper.tlog\link.write.1.tlog
d:\psm\pss-mono\msvc2022\win32\obj\monoposixhelper\monoposixhelper.tlog\monoposixhelper.write.1u.tlog
