C:\USERS\LI\DESKTOP\PSM\PSS-MONO\MSVC\WIN32\BIN\MONO.EXE
C:\USERS\LI\DESKTOP\PSM\PSS-MONO\MSVC\WIN32\BIN\MONO.PDB
C:\Users\Li\Desktop\PSM\pss-mono\msvc\Win32\obj\mono\cl.command.1.tlog
C:\Users\Li\Desktop\PSM\pss-mono\msvc\Win32\obj\mono\CL.read.1.tlog
C:\Users\Li\Desktop\PSM\pss-mono\msvc\Win32\obj\mono\CL.write.1.tlog
C:\Users\Li\Desktop\PSM\pss-mono\msvc\Win32\obj\mono\link.1476.read.1.tlog
C:\Users\Li\Desktop\PSM\pss-mono\msvc\Win32\obj\mono\link.1476.write.1.tlog
C:\Users\Li\Desktop\PSM\pss-mono\msvc\Win32\obj\mono\link.1532.read.1.tlog
C:\Users\Li\Desktop\PSM\pss-mono\msvc\Win32\obj\mono\link.1532.write.1.tlog
C:\Users\Li\Desktop\PSM\pss-mono\msvc\Win32\obj\mono\link.3840.read.1.tlog
C:\Users\Li\Desktop\PSM\pss-mono\msvc\Win32\obj\mono\link.3840.write.1.tlog
C:\Users\Li\Desktop\PSM\pss-mono\msvc\Win32\obj\mono\link.3976.read.1.tlog
C:\Users\Li\Desktop\PSM\pss-mono\msvc\Win32\obj\mono\link.3976.write.1.tlog
C:\Users\Li\Desktop\PSM\pss-mono\msvc\Win32\obj\mono\link.command.1.tlog
C:\Users\Li\Desktop\PSM\pss-mono\msvc\Win32\obj\mono\link.read.1.tlog
C:\Users\Li\Desktop\PSM\pss-mono\msvc\Win32\obj\mono\link.write.1.tlog
C:\USERS\LI\DESKTOP\PSM\PSS-MONO\MSVC\WIN32\OBJ\MONO\MAIN.OBJ
C:\USERS\LI\DESKTOP\PSM\PSS-MONO\MSVC\WIN32\OBJ\MONO\MONO.EXE.INTERMEDIATE.MANIFEST
C:\Users\Li\Desktop\PSM\pss-mono\msvc\Win32\obj\mono\mono.write.1.tlog
C:\Users\Li\Desktop\PSM\pss-mono\msvc\Win32\obj\mono\mt.command.1.tlog
C:\Users\Li\Desktop\PSM\pss-mono\msvc\Win32\obj\mono\mt.read.1.tlog
C:\Users\Li\Desktop\PSM\pss-mono\msvc\Win32\obj\mono\mt.write.1.tlog
C:\USERS\LI\DESKTOP\PSM\PSS-MONO\MSVC\WIN32\OBJ\MONO\VC100.PDB
Win32\bin\mono.pdb
