d:\psm\pss-mono\msvc2022\win32\obj\libmono\vc143.pdb
d:\psm\pss-mono\msvc2022\win32\obj\libmono\sgen-pinned-allocator.obj
d:\psm\pss-mono\msvc2022\win32\obj\libmono\sgen-os-win32.obj
d:\psm\pss-mono\msvc2022\win32\obj\libmono\sgen-os-vita.obj
d:\psm\pss-mono\msvc2022\win32\obj\libmono\sgen-os-posix.obj
d:\psm\pss-mono\msvc2022\win32\obj\libmono\sgen-os-mach.obj
d:\psm\pss-mono\msvc2022\win32\obj\libmono\sgen-nursery-allocator.obj
d:\psm\pss-mono\msvc2022\win32\obj\libmono\sgen-marksweep.obj
d:\psm\pss-mono\msvc2022\win32\obj\libmono\sgen-marksweep-par.obj
d:\psm\pss-mono\msvc2022\win32\obj\libmono\sgen-marksweep-fixed.obj
d:\psm\pss-mono\msvc2022\win32\obj\libmono\sgen-marksweep-fixed-par.obj
d:\psm\pss-mono\msvc2022\win32\obj\libmono\sgen-major-copying.obj
d:\psm\pss-mono\msvc2022\win32\obj\libmono\sgen-los.obj
d:\psm\pss-mono\msvc2022\win32\obj\libmono\sgen-internal.obj
d:\psm\pss-mono\msvc2022\win32\obj\libmono\sgen-hash-table.obj
d:\psm\pss-mono\msvc2022\win32\obj\libmono\sgen-gc.obj
d:\psm\pss-mono\msvc2022\win32\obj\libmono\sgen-bridge.obj
d:\psm\pss-mono\msvc2022\win32\obj\libmono\mono-cq.obj
d:\psm\pss-mono\msvc2022\win32\obj\libmono\file-io-pss.obj
d:\psm\pss-mono\msvc2022\win32\obj\libmono\file-io-pss-glob.obj
d:\psm\pss-mono\msvc2022\win32\obj\libmono\file-io-native.obj
d:\psm\pss-mono\msvc2022\win32\obj\libmono\mono-math.obj
d:\psm\pss-mono\msvc2022\win32\obj\libmono\mono-logger.obj
d:\psm\pss-mono\msvc2022\win32\obj\libmono\mono-linked-list-set.obj
d:\psm\pss-mono\msvc2022\win32\obj\libmono\mono-io-portability.obj
d:\psm\pss-mono\msvc2022\win32\obj\libmono\mono-internal-hash.obj
d:\psm\pss-mono\msvc2022\win32\obj\libmono\mono-hash.obj
d:\psm\pss-mono\msvc2022\win32\obj\libmono\mono-filemap.obj
d:\psm\pss-mono\msvc2022\win32\obj\libmono\mono-error.obj
d:\psm\pss-mono\msvc2022\win32\obj\libmono\mono-dl.obj
d:\psm\pss-mono\msvc2022\win32\obj\libmono\mono-counters.obj
d:\psm\pss-mono\msvc2022\win32\obj\libmono\mono-context.obj
d:\psm\pss-mono\msvc2022\win32\obj\libmono\mono-codeman.obj
d:\psm\pss-mono\msvc2022\win32\obj\libmono\lock-free-queue.obj
d:\psm\pss-mono\msvc2022\win32\obj\libmono\lock-free-array-queue.obj
d:\psm\pss-mono\msvc2022\win32\obj\libmono\lock-free-alloc.obj
d:\psm\pss-mono\msvc2022\win32\obj\libmono\hazard-pointer.obj
d:\psm\pss-mono\msvc2022\win32\obj\libmono\dlmalloc.obj
d:\psm\pss-mono\msvc2022\win32\obj\libmono\bsearch.obj
d:\psm\pss-mono\msvc2022\win32\obj\libmono\sgen-toggleref.obj
d:\psm\pss-mono\msvc2022\win32\obj\libmono\sgen-protocol.obj
d:\psm\pss-mono\msvc2022\win32\obj\libmono\mono-wsq.obj
d:\psm\pss-mono\msvc2022\win32\obj\libmono\mono-value-hash.obj
d:\psm\pss-mono\msvc2022\win32\obj\libmono\mono-uri.obj
d:\psm\pss-mono\msvc2022\win32\obj\libmono\mono-time.obj
d:\psm\pss-mono\msvc2022\win32\obj\libmono\mono-threads.obj
d:\psm\pss-mono\msvc2022\win32\obj\libmono\mono-threads-windows.obj
d:\psm\pss-mono\msvc2022\win32\obj\libmono\mono-threads-vita.obj
d:\psm\pss-mono\msvc2022\win32\obj\libmono\mono-threads-posix.obj
d:\psm\pss-mono\msvc2022\win32\obj\libmono\mono-threads-mach.obj
d:\psm\pss-mono\msvc2022\win32\obj\libmono\mono-stdlib.obj
d:\psm\pss-mono\msvc2022\win32\obj\libmono\mono-sha1.obj
d:\psm\pss-mono\msvc2022\win32\obj\libmono\mono-semaphore.obj
d:\psm\pss-mono\msvc2022\win32\obj\libmono\mono-publib.obj
d:\psm\pss-mono\msvc2022\win32\obj\libmono\mono-property-hash.obj
d:\psm\pss-mono\msvc2022\win32\obj\libmono\mono-proclib.obj
d:\psm\pss-mono\msvc2022\win32\obj\libmono\mono-poll.obj
d:\psm\pss-mono\msvc2022\win32\obj\libmono\mono-path.obj
d:\psm\pss-mono\msvc2022\win32\obj\libmono\mono-networkinterfaces.obj
d:\psm\pss-mono\msvc2022\win32\obj\libmono\mono-mmap.obj
d:\psm\pss-mono\msvc2022\win32\obj\libmono\mono-md5.obj
d:\psm\pss-mono\msvc2022\win32\obj\libmono\filewatcher.obj
d:\psm\pss-mono\msvc2022\win32\obj\libmono\file-io.obj
d:\psm\pss-mono\msvc2022\win32\obj\libmono\exception.obj
d:\psm\pss-mono\msvc2022\win32\obj\libmono\environment.obj
d:\psm\pss-mono\msvc2022\win32\obj\libmono\domain.obj
d:\psm\pss-mono\msvc2022\win32\obj\libmono\decimal.obj
d:\psm\pss-mono\msvc2022\win32\obj\libmono\debug-mono-symfile.obj
d:\psm\pss-mono\msvc2022\win32\obj\libmono\debug-helpers.obj
d:\psm\pss-mono\msvc2022\win32\obj\libmono\coree.obj
d:\psm\pss-mono\msvc2022\win32\obj\libmono\console-win32.obj
d:\psm\pss-mono\msvc2022\win32\obj\libmono\cominterop.obj
d:\psm\pss-mono\msvc2022\win32\obj\libmono\class.obj
d:\psm\pss-mono\msvc2022\win32\obj\libmono\boehm-gc.obj
d:\psm\pss-mono\msvc2022\win32\obj\libmono\attach.obj
d:\psm\pss-mono\msvc2022\win32\obj\libmono\assembly.obj
d:\psm\pss-mono\msvc2022\win32\obj\libmono\appdomain.obj
d:\psm\pss-mono\msvc2022\win32\obj\libmono\strtod.obj
d:\psm\pss-mono\msvc2022\win32\obj\libmono\strenc.obj
d:\psm\pss-mono\msvc2022\win32\obj\libmono\runtime.obj
d:\psm\pss-mono\msvc2022\win32\obj\libmono\monobitset.obj
d:\psm\pss-mono\msvc2022\win32\obj\libmono\opcodes.obj
d:\psm\pss-mono\msvc2022\win32\obj\libmono\object.obj
d:\psm\pss-mono\msvc2022\win32\obj\libmono\mono-perfcounters.obj
d:\psm\pss-mono\msvc2022\win32\obj\libmono\mono-mlist.obj
d:\psm\pss-mono\msvc2022\win32\obj\libmono\mono-endian.obj
d:\psm\pss-mono\msvc2022\win32\obj\libmono\mono-debug.obj
d:\psm\pss-mono\msvc2022\win32\obj\libmono\mono-debug-debugger.obj
d:\psm\pss-mono\msvc2022\win32\obj\libmono\mono-config.obj
d:\psm\pss-mono\msvc2022\win32\obj\libmono\mono-basic-block.obj
d:\psm\pss-mono\msvc2022\win32\obj\libmono\monitor.obj
d:\psm\pss-mono\msvc2022\win32\obj\libmono\method-builder.obj
d:\psm\pss-mono\msvc2022\win32\obj\libmono\metadata.obj
d:\psm\pss-mono\msvc2022\win32\obj\libmono\metadata-verify.obj
d:\psm\pss-mono\msvc2022\win32\obj\libmono\mempool.obj
d:\psm\pss-mono\msvc2022\win32\obj\libmono\marshal.obj
d:\psm\pss-mono\msvc2022\win32\obj\libmono\locales.obj
d:\psm\pss-mono\msvc2022\win32\obj\libmono\loader.obj
d:\psm\pss-mono\msvc2022\win32\obj\libmono\image.obj
d:\psm\pss-mono\msvc2022\win32\obj\libmono\icall.obj
d:\psm\pss-mono\msvc2022\win32\obj\libmono\gc.obj
d:\psm\pss-mono\msvc2022\win32\obj\libmono\debugger-agent.obj
d:\psm\pss-mono\msvc2022\win32\obj\libmono\debug-mini.obj
d:\psm\pss-mono\msvc2022\win32\obj\libmono\cfold.obj
d:\psm\pss-mono\msvc2022\win32\obj\libmono\branch-opts.obj
d:\psm\pss-mono\msvc2022\win32\obj\libmono\aot-runtime.obj
d:\psm\pss-mono\msvc2022\win32\obj\libmono\aot-compiler.obj
d:\psm\pss-mono\msvc2022\win32\obj\libmono\abcremoval.obj
d:\psm\pss-mono\msvc2022\win32\obj\libmono\verify.obj
d:\psm\pss-mono\msvc2022\win32\obj\libmono\threads.obj
d:\psm\pss-mono\msvc2022\win32\obj\libmono\threadpool.obj
d:\psm\pss-mono\msvc2022\win32\obj\libmono\sysmath.obj
d:\psm\pss-mono\msvc2022\win32\obj\libmono\string-icalls.obj
d:\psm\pss-mono\msvc2022\win32\obj\libmono\socket-io.obj
d:\psm\pss-mono\msvc2022\win32\obj\libmono\security.obj
d:\psm\pss-mono\msvc2022\win32\obj\libmono\security-manager.obj
d:\psm\pss-mono\msvc2022\win32\obj\libmono\security-core-clr.obj
d:\psm\pss-mono\msvc2022\win32\obj\libmono\reflection.obj
d:\psm\pss-mono\msvc2022\win32\obj\libmono\rand.obj
d:\psm\pss-mono\msvc2022\win32\obj\libmono\profiler.obj
d:\psm\pss-mono\msvc2022\win32\obj\libmono\process.obj
d:\psm\pss-mono\msvc2022\win32\obj\libmono\mini.obj
d:\psm\pss-mono\msvc2022\win32\obj\libmono\mini-windows.obj
d:\psm\pss-mono\msvc2022\win32\obj\libmono\mini-trampolines.obj
d:\psm\pss-mono\msvc2022\win32\obj\libmono\mini-generic-sharing.obj
d:\psm\pss-mono\msvc2022\win32\obj\libmono\mini-gc.obj
d:\psm\pss-mono\msvc2022\win32\obj\libmono\mini-exceptions.obj
d:\psm\pss-mono\msvc2022\win32\obj\libmono\mini-codegen.obj
d:\psm\pss-mono\msvc2022\win32\obj\libmono\method-to-ir.obj
d:\psm\pss-mono\msvc2022\win32\obj\libmono\local-propagation.obj
d:\psm\pss-mono\msvc2022\win32\obj\libmono\liveness.obj
d:\psm\pss-mono\msvc2022\win32\obj\libmono\linear-scan.obj
d:\psm\pss-mono\msvc2022\win32\obj\libmono\jit-icalls.obj
d:\psm\pss-mono\msvc2022\win32\obj\libmono\image-writer.obj
d:\psm\pss-mono\msvc2022\win32\obj\libmono\helpers.obj
d:\psm\pss-mono\msvc2022\win32\obj\libmono\graph.obj
d:\psm\pss-mono\msvc2022\win32\obj\libmono\dwarfwriter.obj
d:\psm\pss-mono\msvc2022\win32\obj\libmono\driver.obj
d:\psm\pss-mono\msvc2022\win32\obj\libmono\dominators.obj
d:\psm\pss-mono\msvc2022\win32\obj\libmono\decompose.obj
d:\psm\pss-mono\msvc2022\win32\obj\libmono\declsec.obj
d:\psm\pss-mono\msvc2022\win32\obj\libmono\tramp-x86.obj
d:\psm\pss-mono\msvc2022\win32\obj\libmono\exceptions-x86.obj
d:\psm\pss-mono\msvc2022\win32\obj\libmono\ssa.obj
d:\psm\pss-mono\msvc2022\win32\obj\libmono\simd-intrinsics.obj
d:\psm\pss-mono\msvc2022\win32\obj\libmono\regalloc2.obj
d:\psm\pss-mono\msvc2022\win32\obj\libmono\regalloc.obj
d:\psm\pss-mono\msvc2022\win32\obj\libmono\mini-x86.obj
d:\psm\pss-mono\msvc2022\win32\obj\libmono\xdebug.obj
d:\psm\pss-mono\msvc2022\win32\obj\libmono\wapihandles.obj
d:\psm\pss-mono\msvc2022\win32\obj\libmono\unwind.obj
d:\psm\pss-mono\msvc2022\win32\obj\libmono\trace.obj
d:\psm\pss-mono\msvc2022\win32\obj\libmono\ssapre.obj
d:\psm\pss-mono\msvc2022\win32\lib\monosgen-2.0.lib
d:\psm\pss-mono\msvc2022\win32\lib\monosgen-2.0.exp
d:\psm\pss-mono\msvc2022\win32\bin\monosgen-2.0.dll
d:\psm\pss-mono\msvc2022\win32\bin\monosgen-2.0.pdb
d:\psm\pss-mono\msvc2022\win32\obj\libmono\libmono.tlog\cl.command.1.tlog
d:\psm\pss-mono\msvc2022\win32\obj\libmono\libmono.tlog\cl.read.1.tlog
d:\psm\pss-mono\msvc2022\win32\obj\libmono\libmono.tlog\cl.write.1.tlog
d:\psm\pss-mono\msvc2022\win32\obj\libmono\libmono.tlog\libmono.write.1u.tlog
d:\psm\pss-mono\msvc2022\win32\obj\libmono\libmono.tlog\link.command.1.tlog
d:\psm\pss-mono\msvc2022\win32\obj\libmono\libmono.tlog\link.read.1.tlog
d:\psm\pss-mono\msvc2022\win32\obj\libmono\libmono.tlog\link.write.1.tlog
