d:\psm\pss-mono\msvc2022\win32\lib\vc80.pdb
d:\psm\pss-mono\msvc2022\win32\obj\libgc\stubborn.obj
d:\psm\pss-mono\msvc2022\win32\obj\libgc\reclaim.obj
d:\psm\pss-mono\msvc2022\win32\obj\libgc\ptr_chck.obj
d:\psm\pss-mono\msvc2022\win32\obj\libgc\os_dep.obj
d:\psm\pss-mono\msvc2022\win32\obj\libgc\obj_map.obj
d:\psm\pss-mono\msvc2022\win32\obj\libgc\new_hblk.obj
d:\psm\pss-mono\msvc2022\win32\obj\libgc\misc.obj
d:\psm\pss-mono\msvc2022\win32\obj\libgc\mark_rts.obj
d:\psm\pss-mono\msvc2022\win32\obj\libgc\mark.obj
d:\psm\pss-mono\msvc2022\win32\obj\libgc\mallocx.obj
d:\psm\pss-mono\msvc2022\win32\obj\libgc\malloc.obj
d:\psm\pss-mono\msvc2022\win32\obj\libgc\mach_dep.obj
d:\psm\pss-mono\msvc2022\win32\obj\libgc\headers.obj
d:\psm\pss-mono\msvc2022\win32\obj\libgc\gcj_mlc.obj
d:\psm\pss-mono\msvc2022\win32\obj\libgc\finalize.obj
d:\psm\pss-mono\msvc2022\win32\obj\libgc\dyn_load.obj
d:\psm\pss-mono\msvc2022\win32\obj\libgc\dbg_mlc.obj
d:\psm\pss-mono\msvc2022\win32\obj\libgc\blacklst.obj
d:\psm\pss-mono\msvc2022\win32\obj\libgc\alloc.obj
d:\psm\pss-mono\msvc2022\win32\obj\libgc\allchblk.obj
d:\psm\pss-mono\msvc2022\win32\obj\libgc\win32_threads.obj
d:\psm\pss-mono\msvc2022\win32\obj\libgc\typd_mlc.obj
d:\psm\pss-mono\msvc2022\win32\lib\libgc.lib
d:\psm\pss-mono\msvc2022\win32\obj\libgc\libgc.tlog\cl.command.1.tlog
d:\psm\pss-mono\msvc2022\win32\obj\libgc\libgc.tlog\cl.read.1.tlog
d:\psm\pss-mono\msvc2022\win32\obj\libgc\libgc.tlog\cl.write.1.tlog
d:\psm\pss-mono\msvc2022\win32\obj\libgc\libgc.tlog\lib-link.read.1.tlog
d:\psm\pss-mono\msvc2022\win32\obj\libgc\libgc.tlog\lib-link.write.1.tlog
d:\psm\pss-mono\msvc2022\win32\obj\libgc\libgc.tlog\lib.command.1.tlog
