C:\USERS\LI\DESKTOP\PSM\PSS-MONO\MSVC\WIN32\LIB\EGLIB.LIB
C:\Users\Li\Desktop\PSM\pss-mono\msvc\Win32\obj\eglib\cl.command.1.tlog
C:\Users\Li\Desktop\PSM\pss-mono\msvc\Win32\obj\eglib\CL.read.1.tlog
C:\Users\Li\Desktop\PSM\pss-mono\msvc\Win32\obj\eglib\CL.write.1.tlog
C:\USERS\LI\DESKTOP\PSM\PSS-MONO\MSVC\WIN32\OBJ\EGLIB\GARRAY.OBJ
C:\USERS\LI\DESKTOP\PSM\PSS-MONO\MSVC\WIN32\OBJ\EGLIB\GDATE-WIN32.OBJ
C:\USERS\LI\DESKTOP\PSM\PSS-MONO\MSVC\WIN32\OBJ\EGLIB\GDIR-WIN32.OBJ
C:\USERS\LI\DESKTOP\PSM\PSS-MONO\MSVC\WIN32\OBJ\EGLIB\GERROR.OBJ
C:\USERS\LI\DESKTOP\PSM\PSS-MONO\MSVC\WIN32\OBJ\EGLIB\GFILE.OBJ
C:\USERS\LI\DESKTOP\PSM\PSS-MONO\MSVC\WIN32\OBJ\EGLIB\GFILE-POSIX.OBJ
C:\USERS\LI\DESKTOP\PSM\PSS-MONO\MSVC\WIN32\OBJ\EGLIB\GFILE-WIN32.OBJ
C:\USERS\LI\DESKTOP\PSM\PSS-MONO\MSVC\WIN32\OBJ\EGLIB\GHASHTABLE.OBJ
C:\USERS\LI\DESKTOP\PSM\PSS-MONO\MSVC\WIN32\OBJ\EGLIB\GICONV.OBJ
C:\USERS\LI\DESKTOP\PSM\PSS-MONO\MSVC\WIN32\OBJ\EGLIB\GLIST.OBJ
C:\USERS\LI\DESKTOP\PSM\PSS-MONO\MSVC\WIN32\OBJ\EGLIB\GMARKUP.OBJ
C:\USERS\LI\DESKTOP\PSM\PSS-MONO\MSVC\WIN32\OBJ\EGLIB\GMEM.OBJ
C:\USERS\LI\DESKTOP\PSM\PSS-MONO\MSVC\WIN32\OBJ\EGLIB\GMISC-WIN32.OBJ
C:\USERS\LI\DESKTOP\PSM\PSS-MONO\MSVC\WIN32\OBJ\EGLIB\GMODULE-WIN32.OBJ
C:\USERS\LI\DESKTOP\PSM\PSS-MONO\MSVC\WIN32\OBJ\EGLIB\GOUTPUT.OBJ
C:\USERS\LI\DESKTOP\PSM\PSS-MONO\MSVC\WIN32\OBJ\EGLIB\GPATH.OBJ
C:\USERS\LI\DESKTOP\PSM\PSS-MONO\MSVC\WIN32\OBJ\EGLIB\GPATTERN.OBJ
C:\USERS\LI\DESKTOP\PSM\PSS-MONO\MSVC\WIN32\OBJ\EGLIB\GPTRARRAY.OBJ
C:\USERS\LI\DESKTOP\PSM\PSS-MONO\MSVC\WIN32\OBJ\EGLIB\GQSORT.OBJ
C:\USERS\LI\DESKTOP\PSM\PSS-MONO\MSVC\WIN32\OBJ\EGLIB\GQUEUE.OBJ
C:\USERS\LI\DESKTOP\PSM\PSS-MONO\MSVC\WIN32\OBJ\EGLIB\GSHELL.OBJ
C:\USERS\LI\DESKTOP\PSM\PSS-MONO\MSVC\WIN32\OBJ\EGLIB\GSLIST.OBJ
C:\USERS\LI\DESKTOP\PSM\PSS-MONO\MSVC\WIN32\OBJ\EGLIB\GSPAWN.OBJ
C:\USERS\LI\DESKTOP\PSM\PSS-MONO\MSVC\WIN32\OBJ\EGLIB\GSTR.OBJ
C:\USERS\LI\DESKTOP\PSM\PSS-MONO\MSVC\WIN32\OBJ\EGLIB\GSTRING.OBJ
C:\USERS\LI\DESKTOP\PSM\PSS-MONO\MSVC\WIN32\OBJ\EGLIB\GTIMER-WIN32.OBJ
C:\USERS\LI\DESKTOP\PSM\PSS-MONO\MSVC\WIN32\OBJ\EGLIB\GUNICODE.OBJ
C:\USERS\LI\DESKTOP\PSM\PSS-MONO\MSVC\WIN32\OBJ\EGLIB\GUTF8.OBJ
C:\Users\Li\Desktop\PSM\pss-mono\msvc\Win32\obj\eglib\lib.command.1.tlog
C:\Users\Li\Desktop\PSM\pss-mono\msvc\Win32\obj\eglib\Lib-link.read.1.tlog
C:\Users\Li\Desktop\PSM\pss-mono\msvc\Win32\obj\eglib\Lib-link.write.1.tlog
C:\USERS\LI\DESKTOP\PSM\PSS-MONO\MSVC\WIN32\OBJ\EGLIB\VASPRINTF.OBJ
C:\USERS\LI\DESKTOP\PSM\PSS-MONO\MSVC\WIN32\OBJ\EGLIB\VC100.PDB
