C:\USERS\LI\DESKTOP\PSM\PSS-MONO\MSVC\WIN32\LIB\LIBGC.LIB
C:\USERS\LI\DESKTOP\PSM\PSS-MONO\MSVC\WIN32\LIB\VC80.PDB
C:\USERS\LI\DESKTOP\PSM\PSS-MONO\MSVC\WIN32\OBJ\LIBGC\ALLCHBLK.OBJ
C:\USERS\LI\DESKTOP\PSM\PSS-MONO\MSVC\WIN32\OBJ\LIBGC\ALLOC.OBJ
C:\USERS\LI\DESKTOP\PSM\PSS-MONO\MSVC\WIN32\OBJ\LIBGC\BLACKLST.OBJ
C:\Users\Li\Desktop\PSM\pss-mono\msvc\Win32\obj\libgc\cl.command.1.tlog
C:\Users\Li\Desktop\PSM\pss-mono\msvc\Win32\obj\libgc\CL.read.1.tlog
C:\Users\Li\Desktop\PSM\pss-mono\msvc\Win32\obj\libgc\CL.write.1.tlog
C:\USERS\LI\DESKTOP\PSM\PSS-MONO\MSVC\WIN32\OBJ\LIBGC\DBG_MLC.OBJ
C:\USERS\LI\DESKTOP\PSM\PSS-MONO\MSVC\WIN32\OBJ\LIBGC\DYN_LOAD.OBJ
C:\USERS\LI\DESKTOP\PSM\PSS-MONO\MSVC\WIN32\OBJ\LIBGC\FINALIZE.OBJ
C:\USERS\LI\DESKTOP\PSM\PSS-MONO\MSVC\WIN32\OBJ\LIBGC\GCJ_MLC.OBJ
C:\USERS\LI\DESKTOP\PSM\PSS-MONO\MSVC\WIN32\OBJ\LIBGC\HEADERS.OBJ
C:\Users\Li\Desktop\PSM\pss-mono\msvc\Win32\obj\libgc\lib.command.1.tlog
C:\Users\Li\Desktop\PSM\pss-mono\msvc\Win32\obj\libgc\Lib-link.read.1.tlog
C:\Users\Li\Desktop\PSM\pss-mono\msvc\Win32\obj\libgc\Lib-link.write.1.tlog
C:\USERS\LI\DESKTOP\PSM\PSS-MONO\MSVC\WIN32\OBJ\LIBGC\MACH_DEP.OBJ
C:\USERS\LI\DESKTOP\PSM\PSS-MONO\MSVC\WIN32\OBJ\LIBGC\MALLOC.OBJ
C:\USERS\LI\DESKTOP\PSM\PSS-MONO\MSVC\WIN32\OBJ\LIBGC\MALLOCX.OBJ
C:\USERS\LI\DESKTOP\PSM\PSS-MONO\MSVC\WIN32\OBJ\LIBGC\MARK.OBJ
C:\USERS\LI\DESKTOP\PSM\PSS-MONO\MSVC\WIN32\OBJ\LIBGC\MARK_RTS.OBJ
C:\USERS\LI\DESKTOP\PSM\PSS-MONO\MSVC\WIN32\OBJ\LIBGC\MISC.OBJ
C:\USERS\LI\DESKTOP\PSM\PSS-MONO\MSVC\WIN32\OBJ\LIBGC\NEW_HBLK.OBJ
C:\USERS\LI\DESKTOP\PSM\PSS-MONO\MSVC\WIN32\OBJ\LIBGC\OBJ_MAP.OBJ
C:\USERS\LI\DESKTOP\PSM\PSS-MONO\MSVC\WIN32\OBJ\LIBGC\OS_DEP.OBJ
C:\USERS\LI\DESKTOP\PSM\PSS-MONO\MSVC\WIN32\OBJ\LIBGC\PTR_CHCK.OBJ
C:\USERS\LI\DESKTOP\PSM\PSS-MONO\MSVC\WIN32\OBJ\LIBGC\RECLAIM.OBJ
C:\USERS\LI\DESKTOP\PSM\PSS-MONO\MSVC\WIN32\OBJ\LIBGC\STUBBORN.OBJ
C:\USERS\LI\DESKTOP\PSM\PSS-MONO\MSVC\WIN32\OBJ\LIBGC\TYPD_MLC.OBJ
C:\USERS\LI\DESKTOP\PSM\PSS-MONO\MSVC\WIN32\OBJ\LIBGC\WIN32_THREADS.OBJ
