d:\psm\pss-mono\mcs\jay\debug\vc143.pdb
d:\psm\pss-mono\mcs\jay\debug\vc143.idb
d:\psm\pss-mono\mcs\jay\debug\closure.obj
d:\psm\pss-mono\mcs\jay\debug\error.obj
d:\psm\pss-mono\mcs\jay\debug\lalr.obj
d:\psm\pss-mono\mcs\jay\debug\lr0.obj
d:\psm\pss-mono\mcs\jay\debug\main.obj
d:\psm\pss-mono\mcs\jay\debug\mkpar.obj
d:\psm\pss-mono\mcs\jay\debug\output.obj
d:\psm\pss-mono\mcs\jay\debug\reader.obj
d:\psm\pss-mono\mcs\jay\debug\symtab.obj
d:\psm\pss-mono\mcs\jay\debug\verbose.obj
d:\psm\pss-mono\mcs\jay\debug\warshall.obj
d:\psm\pss-mono\mcs\jay\debug\jay.ilk
d:\psm\pss-mono\mcs\jay\jay.exe
d:\psm\pss-mono\mcs\jay\debug\jay.pdb
d:\psm\pss-mono\mcs\jay\debug\jay.tlog\cl.command.1.tlog
d:\psm\pss-mono\mcs\jay\debug\jay.tlog\cl.read.1.tlog
d:\psm\pss-mono\mcs\jay\debug\jay.tlog\cl.write.1.tlog
d:\psm\pss-mono\mcs\jay\debug\jay.tlog\link.command.1.tlog
d:\psm\pss-mono\mcs\jay\debug\jay.tlog\link.read.1.tlog
d:\psm\pss-mono\mcs\jay\debug\jay.tlog\link.write.1.tlog
