d:\psm\pss-mono\msvc2022\win32\lib\eglib.pdb
d:\psm\pss-mono\msvc2022\win32\obj\eglib\gqueue.obj
d:\psm\pss-mono\msvc2022\win32\obj\eglib\gqsort.obj
d:\psm\pss-mono\msvc2022\win32\obj\eglib\gptrarray.obj
d:\psm\pss-mono\msvc2022\win32\obj\eglib\gpattern.obj
d:\psm\pss-mono\msvc2022\win32\obj\eglib\gpath.obj
d:\psm\pss-mono\msvc2022\win32\obj\eglib\goutput.obj
d:\psm\pss-mono\msvc2022\win32\obj\eglib\gmodule-win32.obj
d:\psm\pss-mono\msvc2022\win32\obj\eglib\gmisc-win32.obj
d:\psm\pss-mono\msvc2022\win32\obj\eglib\gmem.obj
d:\psm\pss-mono\msvc2022\win32\obj\eglib\gmarkup.obj
d:\psm\pss-mono\msvc2022\win32\obj\eglib\glist.obj
d:\psm\pss-mono\msvc2022\win32\obj\eglib\giconv.obj
d:\psm\pss-mono\msvc2022\win32\obj\eglib\ghashtable.obj
d:\psm\pss-mono\msvc2022\win32\obj\eglib\gfile.obj
d:\psm\pss-mono\msvc2022\win32\obj\eglib\gfile-win32.obj
d:\psm\pss-mono\msvc2022\win32\obj\eglib\gfile-posix.obj
d:\psm\pss-mono\msvc2022\win32\obj\eglib\gerror.obj
d:\psm\pss-mono\msvc2022\win32\obj\eglib\gdir-win32.obj
d:\psm\pss-mono\msvc2022\win32\obj\eglib\gdate-win32.obj
d:\psm\pss-mono\msvc2022\win32\obj\eglib\garray.obj
d:\psm\pss-mono\msvc2022\win32\obj\eglib\vasprintf.obj
d:\psm\pss-mono\msvc2022\win32\obj\eglib\gutf8.obj
d:\psm\pss-mono\msvc2022\win32\obj\eglib\gunicode.obj
d:\psm\pss-mono\msvc2022\win32\obj\eglib\gtimer-win32.obj
d:\psm\pss-mono\msvc2022\win32\obj\eglib\gstring.obj
d:\psm\pss-mono\msvc2022\win32\obj\eglib\gstr.obj
d:\psm\pss-mono\msvc2022\win32\obj\eglib\gspawn.obj
d:\psm\pss-mono\msvc2022\win32\obj\eglib\gslist.obj
d:\psm\pss-mono\msvc2022\win32\obj\eglib\gshell.obj
d:\psm\pss-mono\msvc2022\win32\lib\eglib.lib
d:\psm\pss-mono\msvc2022\win32\obj\eglib\eglib.tlog\cl.command.1.tlog
d:\psm\pss-mono\msvc2022\win32\obj\eglib\eglib.tlog\cl.read.1.tlog
d:\psm\pss-mono\msvc2022\win32\obj\eglib\eglib.tlog\cl.write.1.tlog
d:\psm\pss-mono\msvc2022\win32\obj\eglib\eglib.tlog\lib-link.read.1.tlog
d:\psm\pss-mono\msvc2022\win32\obj\eglib\eglib.tlog\lib-link.write.1.tlog
d:\psm\pss-mono\msvc2022\win32\obj\eglib\eglib.tlog\lib.command.1.tlog
