C:\USERS\LI\DESKTOP\PSM\PSS-MONO\MCS\JAY\JAY.EXE
C:\Users\Li\Desktop\PSM\pss-mono\mcs\jay\Release\cl.command.1.tlog
C:\Users\Li\Desktop\PSM\pss-mono\mcs\jay\Release\CL.read.1.tlog
C:\Users\Li\Desktop\PSM\pss-mono\mcs\jay\Release\CL.write.1.tlog
C:\USERS\LI\DESKTOP\PSM\PSS-MONO\MCS\JAY\RELEASE\CLOSURE.OBJ
C:\USERS\LI\DESKTOP\PSM\PSS-MONO\MCS\JAY\RELEASE\ERROR.OBJ
C:\USERS\LI\DESKTOP\PSM\PSS-MONO\MCS\JAY\RELEASE\JAY.EXE.INTERMEDIATE.MANIFEST
C:\USERS\LI\DESKTOP\PSM\PSS-MONO\MCS\JAY\RELEASE\JAY.PDB
C:\USERS\LI\DESKTOP\PSM\PSS-MONO\MCS\JAY\RELEASE\LALR.OBJ
C:\Users\Li\Desktop\PSM\pss-mono\mcs\jay\Release\link.command.1.tlog
C:\Users\Li\Desktop\PSM\pss-mono\mcs\jay\Release\link.read.1.tlog
C:\Users\Li\Desktop\PSM\pss-mono\mcs\jay\Release\link.write.1.tlog
C:\USERS\LI\DESKTOP\PSM\PSS-MONO\MCS\JAY\RELEASE\LR0.OBJ
C:\USERS\LI\DESKTOP\PSM\PSS-MONO\MCS\JAY\RELEASE\MAIN.OBJ
C:\USERS\LI\DESKTOP\PSM\PSS-MONO\MCS\JAY\RELEASE\MKPAR.OBJ
C:\Users\Li\Desktop\PSM\pss-mono\mcs\jay\Release\mt.command.1.tlog
C:\Users\Li\Desktop\PSM\pss-mono\mcs\jay\Release\mt.read.1.tlog
C:\Users\Li\Desktop\PSM\pss-mono\mcs\jay\Release\mt.write.1.tlog
C:\USERS\LI\DESKTOP\PSM\PSS-MONO\MCS\JAY\RELEASE\OUTPUT.OBJ
C:\USERS\LI\DESKTOP\PSM\PSS-MONO\MCS\JAY\RELEASE\READER.OBJ
C:\USERS\LI\DESKTOP\PSM\PSS-MONO\MCS\JAY\RELEASE\SYMTAB.OBJ
C:\USERS\LI\DESKTOP\PSM\PSS-MONO\MCS\JAY\RELEASE\VC100.PDB
C:\USERS\LI\DESKTOP\PSM\PSS-MONO\MCS\JAY\RELEASE\VERBOSE.OBJ
C:\USERS\LI\DESKTOP\PSM\PSS-MONO\MCS\JAY\RELEASE\WARSHALL.OBJ
Release\jay.pdb
