C:\Users\Li\Desktop\PSM\pss-mono\msvc\Win32\bin\mono-2.0.dll
C:\USERS\LI\DESKTOP\PSM\PSS-MONO\MSVC\WIN32\OBJ\LIBMONO\ABCREMOVAL.OBJ
C:\USERS\LI\DESKTOP\PSM\PSS-MONO\MSVC\WIN32\OBJ\LIBMONO\AOT-COMPILER.OBJ
C:\USERS\LI\DESKTOP\PSM\PSS-MONO\MSVC\WIN32\OBJ\LIBMONO\AOT-RUNTIME.OBJ
C:\USERS\LI\DESKTOP\PSM\PSS-MONO\MSVC\WIN32\OBJ\LIBMONO\APPDOMAIN.OBJ
C:\USERS\LI\DESKTOP\PSM\PSS-MONO\MSVC\WIN32\OBJ\LIBMONO\ASSEMBLY.OBJ
C:\USERS\LI\DESKTOP\PSM\PSS-MONO\MSVC\WIN32\OBJ\LIBMONO\ATTACH.OBJ
C:\USERS\LI\DESKTOP\PSM\PSS-MONO\MSVC\WIN32\OBJ\LIBMONO\BOEHM-GC.OBJ
C:\USERS\LI\DESKTOP\PSM\PSS-MONO\MSVC\WIN32\OBJ\LIBMONO\BRANCH-OPTS.OBJ
C:\USERS\LI\DESKTOP\PSM\PSS-MONO\MSVC\WIN32\OBJ\LIBMONO\BSEARCH.OBJ
C:\USERS\LI\DESKTOP\PSM\PSS-MONO\MSVC\WIN32\OBJ\LIBMONO\CFOLD.OBJ
C:\Users\Li\Desktop\PSM\pss-mono\msvc\Win32\obj\libmono\cl.command.1.tlog
C:\Users\Li\Desktop\PSM\pss-mono\msvc\Win32\obj\libmono\CL.read.1.tlog
C:\Users\Li\Desktop\PSM\pss-mono\msvc\Win32\obj\libmono\CL.write.1.tlog
C:\USERS\LI\DESKTOP\PSM\PSS-MONO\MSVC\WIN32\OBJ\LIBMONO\CLASS.OBJ
C:\USERS\LI\DESKTOP\PSM\PSS-MONO\MSVC\WIN32\OBJ\LIBMONO\COMINTEROP.OBJ
C:\USERS\LI\DESKTOP\PSM\PSS-MONO\MSVC\WIN32\OBJ\LIBMONO\CONSOLE-WIN32.OBJ
C:\USERS\LI\DESKTOP\PSM\PSS-MONO\MSVC\WIN32\OBJ\LIBMONO\COREE.OBJ
C:\USERS\LI\DESKTOP\PSM\PSS-MONO\MSVC\WIN32\OBJ\LIBMONO\DEBUGGER-AGENT.OBJ
C:\USERS\LI\DESKTOP\PSM\PSS-MONO\MSVC\WIN32\OBJ\LIBMONO\DEBUG-HELPERS.OBJ
C:\USERS\LI\DESKTOP\PSM\PSS-MONO\MSVC\WIN32\OBJ\LIBMONO\DEBUG-MINI.OBJ
C:\USERS\LI\DESKTOP\PSM\PSS-MONO\MSVC\WIN32\OBJ\LIBMONO\DEBUG-MONO-SYMFILE.OBJ
C:\USERS\LI\DESKTOP\PSM\PSS-MONO\MSVC\WIN32\OBJ\LIBMONO\DECIMAL.OBJ
C:\USERS\LI\DESKTOP\PSM\PSS-MONO\MSVC\WIN32\OBJ\LIBMONO\DECLSEC.OBJ
C:\USERS\LI\DESKTOP\PSM\PSS-MONO\MSVC\WIN32\OBJ\LIBMONO\DECOMPOSE.OBJ
C:\USERS\LI\DESKTOP\PSM\PSS-MONO\MSVC\WIN32\OBJ\LIBMONO\DLMALLOC.OBJ
C:\USERS\LI\DESKTOP\PSM\PSS-MONO\MSVC\WIN32\OBJ\LIBMONO\DOMAIN.OBJ
C:\USERS\LI\DESKTOP\PSM\PSS-MONO\MSVC\WIN32\OBJ\LIBMONO\DOMINATORS.OBJ
C:\USERS\LI\DESKTOP\PSM\PSS-MONO\MSVC\WIN32\OBJ\LIBMONO\DRIVER.OBJ
C:\USERS\LI\DESKTOP\PSM\PSS-MONO\MSVC\WIN32\OBJ\LIBMONO\DWARFWRITER.OBJ
C:\USERS\LI\DESKTOP\PSM\PSS-MONO\MSVC\WIN32\OBJ\LIBMONO\ENVIRONMENT.OBJ
C:\USERS\LI\DESKTOP\PSM\PSS-MONO\MSVC\WIN32\OBJ\LIBMONO\EXCEPTION.OBJ
C:\USERS\LI\DESKTOP\PSM\PSS-MONO\MSVC\WIN32\OBJ\LIBMONO\EXCEPTIONS-X86.OBJ
C:\USERS\LI\DESKTOP\PSM\PSS-MONO\MSVC\WIN32\OBJ\LIBMONO\FILE-IO.OBJ
C:\USERS\LI\DESKTOP\PSM\PSS-MONO\MSVC\WIN32\OBJ\LIBMONO\FILE-IO-NATIVE.OBJ
C:\USERS\LI\DESKTOP\PSM\PSS-MONO\MSVC\WIN32\OBJ\LIBMONO\FILE-IO-PSS.OBJ
C:\USERS\LI\DESKTOP\PSM\PSS-MONO\MSVC\WIN32\OBJ\LIBMONO\FILE-IO-PSS-GLOB.OBJ
C:\USERS\LI\DESKTOP\PSM\PSS-MONO\MSVC\WIN32\OBJ\LIBMONO\FILEWATCHER.OBJ
C:\USERS\LI\DESKTOP\PSM\PSS-MONO\MSVC\WIN32\OBJ\LIBMONO\GC.OBJ
C:\USERS\LI\DESKTOP\PSM\PSS-MONO\MSVC\WIN32\OBJ\LIBMONO\GRAPH.OBJ
C:\USERS\LI\DESKTOP\PSM\PSS-MONO\MSVC\WIN32\OBJ\LIBMONO\HAZARD-POINTER.OBJ
C:\USERS\LI\DESKTOP\PSM\PSS-MONO\MSVC\WIN32\OBJ\LIBMONO\HELPERS.OBJ
C:\USERS\LI\DESKTOP\PSM\PSS-MONO\MSVC\WIN32\OBJ\LIBMONO\ICALL.OBJ
C:\USERS\LI\DESKTOP\PSM\PSS-MONO\MSVC\WIN32\OBJ\LIBMONO\IMAGE.OBJ
C:\USERS\LI\DESKTOP\PSM\PSS-MONO\MSVC\WIN32\OBJ\LIBMONO\IMAGE-WRITER.OBJ
C:\USERS\LI\DESKTOP\PSM\PSS-MONO\MSVC\WIN32\OBJ\LIBMONO\JIT-ICALLS.OBJ
C:\Users\Li\Desktop\PSM\pss-mono\msvc\Win32\obj\libmono\libmono.write.1.tlog
C:\USERS\LI\DESKTOP\PSM\PSS-MONO\MSVC\WIN32\OBJ\LIBMONO\LINEAR-SCAN.OBJ
C:\Users\Li\Desktop\PSM\pss-mono\msvc\Win32\obj\libmono\link.3308.read.1.tlog
C:\Users\Li\Desktop\PSM\pss-mono\msvc\Win32\obj\libmono\link.3308.write.1.tlog
C:\Users\Li\Desktop\PSM\pss-mono\msvc\Win32\obj\libmono\link.command.1.tlog
C:\Users\Li\Desktop\PSM\pss-mono\msvc\Win32\obj\libmono\link.read.1.tlog
C:\Users\Li\Desktop\PSM\pss-mono\msvc\Win32\obj\libmono\link.write.1.tlog
C:\USERS\LI\DESKTOP\PSM\PSS-MONO\MSVC\WIN32\OBJ\LIBMONO\LIVENESS.OBJ
C:\USERS\LI\DESKTOP\PSM\PSS-MONO\MSVC\WIN32\OBJ\LIBMONO\LOADER.OBJ
C:\USERS\LI\DESKTOP\PSM\PSS-MONO\MSVC\WIN32\OBJ\LIBMONO\LOCALES.OBJ
C:\USERS\LI\DESKTOP\PSM\PSS-MONO\MSVC\WIN32\OBJ\LIBMONO\LOCAL-PROPAGATION.OBJ
C:\USERS\LI\DESKTOP\PSM\PSS-MONO\MSVC\WIN32\OBJ\LIBMONO\LOCK-FREE-ALLOC.OBJ
C:\USERS\LI\DESKTOP\PSM\PSS-MONO\MSVC\WIN32\OBJ\LIBMONO\LOCK-FREE-ARRAY-QUEUE.OBJ
C:\USERS\LI\DESKTOP\PSM\PSS-MONO\MSVC\WIN32\OBJ\LIBMONO\LOCK-FREE-QUEUE.OBJ
C:\USERS\LI\DESKTOP\PSM\PSS-MONO\MSVC\WIN32\OBJ\LIBMONO\MARSHAL.OBJ
C:\USERS\LI\DESKTOP\PSM\PSS-MONO\MSVC\WIN32\OBJ\LIBMONO\MEMPOOL.OBJ
C:\USERS\LI\DESKTOP\PSM\PSS-MONO\MSVC\WIN32\OBJ\LIBMONO\METADATA.OBJ
C:\USERS\LI\DESKTOP\PSM\PSS-MONO\MSVC\WIN32\OBJ\LIBMONO\METADATA-VERIFY.OBJ
C:\USERS\LI\DESKTOP\PSM\PSS-MONO\MSVC\WIN32\OBJ\LIBMONO\METHOD-BUILDER.OBJ
C:\USERS\LI\DESKTOP\PSM\PSS-MONO\MSVC\WIN32\OBJ\LIBMONO\METHOD-TO-IR.OBJ
C:\USERS\LI\DESKTOP\PSM\PSS-MONO\MSVC\WIN32\OBJ\LIBMONO\MINI.OBJ
C:\USERS\LI\DESKTOP\PSM\PSS-MONO\MSVC\WIN32\OBJ\LIBMONO\MINI-CODEGEN.OBJ
C:\USERS\LI\DESKTOP\PSM\PSS-MONO\MSVC\WIN32\OBJ\LIBMONO\MINI-EXCEPTIONS.OBJ
C:\USERS\LI\DESKTOP\PSM\PSS-MONO\MSVC\WIN32\OBJ\LIBMONO\MINI-GC.OBJ
C:\USERS\LI\DESKTOP\PSM\PSS-MONO\MSVC\WIN32\OBJ\LIBMONO\MINI-GENERIC-SHARING.OBJ
C:\USERS\LI\DESKTOP\PSM\PSS-MONO\MSVC\WIN32\OBJ\LIBMONO\MINI-TRAMPOLINES.OBJ
C:\USERS\LI\DESKTOP\PSM\PSS-MONO\MSVC\WIN32\OBJ\LIBMONO\MINI-WINDOWS.OBJ
C:\USERS\LI\DESKTOP\PSM\PSS-MONO\MSVC\WIN32\OBJ\LIBMONO\MINI-X86.OBJ
C:\USERS\LI\DESKTOP\PSM\PSS-MONO\MSVC\WIN32\OBJ\LIBMONO\MONITOR.OBJ
C:\USERS\LI\DESKTOP\PSM\PSS-MONO\MSVC\WIN32\OBJ\LIBMONO\MONO-BASIC-BLOCK.OBJ
C:\USERS\LI\DESKTOP\PSM\PSS-MONO\MSVC\WIN32\OBJ\LIBMONO\MONOBITSET.OBJ
C:\USERS\LI\DESKTOP\PSM\PSS-MONO\MSVC\WIN32\OBJ\LIBMONO\MONO-CODEMAN.OBJ
C:\USERS\LI\DESKTOP\PSM\PSS-MONO\MSVC\WIN32\OBJ\LIBMONO\MONO-CONFIG.OBJ
C:\USERS\LI\DESKTOP\PSM\PSS-MONO\MSVC\WIN32\OBJ\LIBMONO\MONO-CONTEXT.OBJ
C:\USERS\LI\DESKTOP\PSM\PSS-MONO\MSVC\WIN32\OBJ\LIBMONO\MONO-COUNTERS.OBJ
C:\USERS\LI\DESKTOP\PSM\PSS-MONO\MSVC\WIN32\OBJ\LIBMONO\MONO-CQ.OBJ
C:\USERS\LI\DESKTOP\PSM\PSS-MONO\MSVC\WIN32\OBJ\LIBMONO\MONO-DEBUG.OBJ
C:\USERS\LI\DESKTOP\PSM\PSS-MONO\MSVC\WIN32\OBJ\LIBMONO\MONO-DEBUG-DEBUGGER.OBJ
C:\USERS\LI\DESKTOP\PSM\PSS-MONO\MSVC\WIN32\OBJ\LIBMONO\MONO-DL.OBJ
C:\USERS\LI\DESKTOP\PSM\PSS-MONO\MSVC\WIN32\OBJ\LIBMONO\MONO-ENDIAN.OBJ
C:\USERS\LI\DESKTOP\PSM\PSS-MONO\MSVC\WIN32\OBJ\LIBMONO\MONO-ERROR.OBJ
C:\USERS\LI\DESKTOP\PSM\PSS-MONO\MSVC\WIN32\OBJ\LIBMONO\MONO-FILEMAP.OBJ
C:\USERS\LI\DESKTOP\PSM\PSS-MONO\MSVC\WIN32\OBJ\LIBMONO\MONO-HASH.OBJ
C:\USERS\LI\DESKTOP\PSM\PSS-MONO\MSVC\WIN32\OBJ\LIBMONO\MONO-INTERNAL-HASH.OBJ
C:\USERS\LI\DESKTOP\PSM\PSS-MONO\MSVC\WIN32\OBJ\LIBMONO\MONO-IO-PORTABILITY.OBJ
C:\USERS\LI\DESKTOP\PSM\PSS-MONO\MSVC\WIN32\OBJ\LIBMONO\MONO-LINKED-LIST-SET.OBJ
C:\USERS\LI\DESKTOP\PSM\PSS-MONO\MSVC\WIN32\OBJ\LIBMONO\MONO-LOGGER.OBJ
C:\USERS\LI\DESKTOP\PSM\PSS-MONO\MSVC\WIN32\OBJ\LIBMONO\MONO-MATH.OBJ
C:\USERS\LI\DESKTOP\PSM\PSS-MONO\MSVC\WIN32\OBJ\LIBMONO\MONO-MD5.OBJ
C:\USERS\LI\DESKTOP\PSM\PSS-MONO\MSVC\WIN32\OBJ\LIBMONO\MONO-MLIST.OBJ
C:\USERS\LI\DESKTOP\PSM\PSS-MONO\MSVC\WIN32\OBJ\LIBMONO\MONO-MMAP.OBJ
C:\USERS\LI\DESKTOP\PSM\PSS-MONO\MSVC\WIN32\OBJ\LIBMONO\MONO-NETWORKINTERFACES.OBJ
C:\USERS\LI\DESKTOP\PSM\PSS-MONO\MSVC\WIN32\OBJ\LIBMONO\MONO-PATH.OBJ
C:\USERS\LI\DESKTOP\PSM\PSS-MONO\MSVC\WIN32\OBJ\LIBMONO\MONO-PERFCOUNTERS.OBJ
C:\USERS\LI\DESKTOP\PSM\PSS-MONO\MSVC\WIN32\OBJ\LIBMONO\MONO-POLL.OBJ
C:\USERS\LI\DESKTOP\PSM\PSS-MONO\MSVC\WIN32\OBJ\LIBMONO\MONO-PROCLIB.OBJ
C:\USERS\LI\DESKTOP\PSM\PSS-MONO\MSVC\WIN32\OBJ\LIBMONO\MONO-PROPERTY-HASH.OBJ
C:\USERS\LI\DESKTOP\PSM\PSS-MONO\MSVC\WIN32\OBJ\LIBMONO\MONO-PUBLIB.OBJ
C:\USERS\LI\DESKTOP\PSM\PSS-MONO\MSVC\WIN32\OBJ\LIBMONO\MONO-SEMAPHORE.OBJ
C:\USERS\LI\DESKTOP\PSM\PSS-MONO\MSVC\WIN32\OBJ\LIBMONO\MONO-SHA1.OBJ
C:\USERS\LI\DESKTOP\PSM\PSS-MONO\MSVC\WIN32\OBJ\LIBMONO\MONO-STDLIB.OBJ
C:\USERS\LI\DESKTOP\PSM\PSS-MONO\MSVC\WIN32\OBJ\LIBMONO\MONO-THREADS.OBJ
C:\USERS\LI\DESKTOP\PSM\PSS-MONO\MSVC\WIN32\OBJ\LIBMONO\MONO-THREADS-MACH.OBJ
C:\USERS\LI\DESKTOP\PSM\PSS-MONO\MSVC\WIN32\OBJ\LIBMONO\MONO-THREADS-POSIX.OBJ
C:\USERS\LI\DESKTOP\PSM\PSS-MONO\MSVC\WIN32\OBJ\LIBMONO\MONO-THREADS-VITA.OBJ
C:\USERS\LI\DESKTOP\PSM\PSS-MONO\MSVC\WIN32\OBJ\LIBMONO\MONO-THREADS-WINDOWS.OBJ
C:\USERS\LI\DESKTOP\PSM\PSS-MONO\MSVC\WIN32\OBJ\LIBMONO\MONO-TIME.OBJ
C:\USERS\LI\DESKTOP\PSM\PSS-MONO\MSVC\WIN32\OBJ\LIBMONO\MONO-URI.OBJ
C:\USERS\LI\DESKTOP\PSM\PSS-MONO\MSVC\WIN32\OBJ\LIBMONO\MONO-VALUE-HASH.OBJ
C:\USERS\LI\DESKTOP\PSM\PSS-MONO\MSVC\WIN32\OBJ\LIBMONO\MONO-WSQ.OBJ
C:\USERS\LI\DESKTOP\PSM\PSS-MONO\MSVC\WIN32\OBJ\LIBMONO\OBJECT.OBJ
C:\USERS\LI\DESKTOP\PSM\PSS-MONO\MSVC\WIN32\OBJ\LIBMONO\OPCODES.OBJ
C:\USERS\LI\DESKTOP\PSM\PSS-MONO\MSVC\WIN32\OBJ\LIBMONO\PROCESS.OBJ
C:\USERS\LI\DESKTOP\PSM\PSS-MONO\MSVC\WIN32\OBJ\LIBMONO\PROFILER.OBJ
C:\USERS\LI\DESKTOP\PSM\PSS-MONO\MSVC\WIN32\OBJ\LIBMONO\RAND.OBJ
C:\USERS\LI\DESKTOP\PSM\PSS-MONO\MSVC\WIN32\OBJ\LIBMONO\REFLECTION.OBJ
C:\USERS\LI\DESKTOP\PSM\PSS-MONO\MSVC\WIN32\OBJ\LIBMONO\REGALLOC.OBJ
C:\USERS\LI\DESKTOP\PSM\PSS-MONO\MSVC\WIN32\OBJ\LIBMONO\REGALLOC2.OBJ
C:\USERS\LI\DESKTOP\PSM\PSS-MONO\MSVC\WIN32\OBJ\LIBMONO\RUNTIME.OBJ
C:\USERS\LI\DESKTOP\PSM\PSS-MONO\MSVC\WIN32\OBJ\LIBMONO\SECURITY.OBJ
C:\USERS\LI\DESKTOP\PSM\PSS-MONO\MSVC\WIN32\OBJ\LIBMONO\SECURITY-CORE-CLR.OBJ
C:\USERS\LI\DESKTOP\PSM\PSS-MONO\MSVC\WIN32\OBJ\LIBMONO\SECURITY-MANAGER.OBJ
C:\USERS\LI\DESKTOP\PSM\PSS-MONO\MSVC\WIN32\OBJ\LIBMONO\SIMD-INTRINSICS.OBJ
C:\USERS\LI\DESKTOP\PSM\PSS-MONO\MSVC\WIN32\OBJ\LIBMONO\SOCKET-IO.OBJ
C:\USERS\LI\DESKTOP\PSM\PSS-MONO\MSVC\WIN32\OBJ\LIBMONO\SSA.OBJ
C:\USERS\LI\DESKTOP\PSM\PSS-MONO\MSVC\WIN32\OBJ\LIBMONO\SSAPRE.OBJ
C:\USERS\LI\DESKTOP\PSM\PSS-MONO\MSVC\WIN32\OBJ\LIBMONO\STRENC.OBJ
C:\USERS\LI\DESKTOP\PSM\PSS-MONO\MSVC\WIN32\OBJ\LIBMONO\STRING-ICALLS.OBJ
C:\USERS\LI\DESKTOP\PSM\PSS-MONO\MSVC\WIN32\OBJ\LIBMONO\STRTOD.OBJ
C:\USERS\LI\DESKTOP\PSM\PSS-MONO\MSVC\WIN32\OBJ\LIBMONO\SYSMATH.OBJ
C:\USERS\LI\DESKTOP\PSM\PSS-MONO\MSVC\WIN32\OBJ\LIBMONO\THREADPOOL.OBJ
C:\USERS\LI\DESKTOP\PSM\PSS-MONO\MSVC\WIN32\OBJ\LIBMONO\THREADS.OBJ
C:\USERS\LI\DESKTOP\PSM\PSS-MONO\MSVC\WIN32\OBJ\LIBMONO\TRACE.OBJ
C:\USERS\LI\DESKTOP\PSM\PSS-MONO\MSVC\WIN32\OBJ\LIBMONO\TRAMP-X86.OBJ
C:\USERS\LI\DESKTOP\PSM\PSS-MONO\MSVC\WIN32\OBJ\LIBMONO\UNWIND.OBJ
C:\USERS\LI\DESKTOP\PSM\PSS-MONO\MSVC\WIN32\OBJ\LIBMONO\VC100.PDB
C:\USERS\LI\DESKTOP\PSM\PSS-MONO\MSVC\WIN32\OBJ\LIBMONO\VERIFY.OBJ
C:\USERS\LI\DESKTOP\PSM\PSS-MONO\MSVC\WIN32\OBJ\LIBMONO\WAPIHANDLES.OBJ
C:\USERS\LI\DESKTOP\PSM\PSS-MONO\MSVC\WIN32\OBJ\LIBMONO\XDEBUG.OBJ
